page sha:ea46b967 probe errors [] js [] build warnings 48
  counts          {"meta": {"key": "reproendo", "title": "The Repro-Endo Path"}, "topics": 0, "questions": 0, "rapid": 0, "drills": 0, "images": 0, "figures": 0, "gloss": 0, "palace": 0, "path": 0, "title": "The Repro-Endo Path", "lang": "en", "titleTags": 1}
  pageSelftest    {"present": true, "ok": true, "errors": [], "auditListsEmpty": true, "viewFailures": []}
  pageAudit       {"present": true, "name": "__pathAudit", "counts": {"topics": 0, "questions": 0, "rapid": 0, "drills": 0, "images": 0, "figures": 0}, "nonEmpty": [], "lists": {"duplicateQuestionIds": [], "badQuestionTopics": [], "badRapidTopics": [], "shortQuestionOptions": [
  views           {"modes": ["path", "learn", "practice", "drill", "rapid", "spot", "weak", "gloss"], "failures": [], "overflow": {"path": 0, "learn": 0, "practice": 0, "drill": 0, "rapid": 0, "spot": 0, "weak": -15, "gloss": 0}, "maxOverflow": 0}
  renderRapid     null
  renderPractice  null
  renderSpot      null
  renderDrill     {"orderDrill": null, "multiDrill": null}
  renderLearn     null
  search          {"indexReadable": true, "entries": 0, "whyFindable": null, "tableFindable": null, "bottomLineFindable": null, "rapidWhyFindable": null, "topicsIndexed": true}
  state           null
  pacing          null
  bias            {"chi": [0, 0, 0, 0], "max": 0, "n": 0}
  a11y            {"htmlLang": "en", "titleTags": 1, "focusAfterRender": "BODY", "liveRegion": true}
  examPast        {"bannerShown": false, "ceilingInPast": false}
  yieldAxes       {"axisToggle": true, "hiStep1": 0, "hiExam": 0, "topics": 0, "axesDiffer": 0}
  weak            {"rendered": true, "threadsSection": true, "errorTypes": true, "proven": true}
  tutor           {"present": true, "degrades": true, "socratic": true}
  calendar        {"strip": false, "pace": false, "examInput": false, "exportBtn": false}
  figs            measured 0 median None below9 [] overlaps [] clipped []
  @400            views {"modes": ["path", "learn", "practice", "drill", "rapid", "spot", "weak", "gloss"], "failures": [], "overflow": {"path": 0, "learn": 0, "practice": -15, "drill" lightbox null
  BUILD WARNING meta.blocks lists topic rp1 but content/topics/rp1.json does not exist
  BUILD WARNING meta.blocks lists topic rp2 but content/topics/rp2.json does not exist
  BUILD WARNING meta.blocks lists topic rp3 but content/topics/rp3.json does not exist
  BUILD WARNING meta.blocks lists topic rp4 but content/topics/rp4.json does not exist
  BUILD WARNING meta.blocks lists topic rp5 but content/topics/rp5.json does not exist
  BUILD WARNING meta.blocks lists topic rp6 but content/topics/rp6.json does not exist
  BUILD WARNING meta.blocks lists topic rp7 but content/topics/rp7.json does not exist
  BUILD WARNING meta.blocks lists topic rp8 but content/topics/rp8.json does not exist
  BUILD WARNING meta.blocks lists topic rp9 but content/topics/rp9.json does not exist
  BUILD WARNING meta.blocks lists topic rp10 but content/topics/rp10.json does not exist
  BUILD WARNING meta.blocks lists topic rp11 but content/topics/rp11.json does not exist
  BUILD WARNING meta.blocks lists topic rp12 but content/topics/rp12.json does not exist
  BUILD WARNING meta.blocks lists topic rp13 but content/topics/rp13.json does not exist
  BUILD WARNING meta.blocks lists topic rp14 but content/topics/rp14.json does not exist
  BUILD WARNING meta.blocks lists topic rp15 but content/topics/rp15.json does not exist
  BUILD WARNING meta.blocks lists topic rp16 but content/topics/rp16.json does not exist
  BUILD WARNING meta.blocks lists topic rp17 but content/topics/rp17.json does not exist
  BUILD WARNING meta.blocks lists topic rp18 but content/topics/rp18.json does not exist
  BUILD WARNING meta.blocks lists topic rp19 but content/topics/rp19.json does not exist
  BUILD WARNING meta.blocks lists topic rp20 but content/topics/rp20.json does not exist
