after 1280x900 light rapid right #live: PASS "Cycle phases. Correct: Luteal phase. The corpus luteum lives about 14 days unless hCG rescues it, so"
after 1280x900 light rapid right next lands on prompt: PASS DIV.rfq {} i=1
after 1280x900 light rapid right extra Enter answers nothing: PASS {"i":1,"pick":null}
after 1280x900 light rapid wrong #live: PASS "Feedback logic. Wrong: Progesterone. Correct: LH. Two days of high estradiol flip the pituitary to positive feedback; the LH surge that follows completes meiosi" want "Wrong: Progesterone. Correct: LH."
after 1280x900 light rapid wrong next lands on prompt: PASS DIV.rfq {} i=1
after 1280x900 light rapid wrong extra Enter answers nothing: PASS {"i":1,"pick":null}
after 1280x900 light spot right next lands on question: PASS DIV.qstem {} i=1
after 1280x900 light spot extra Enter answers nothing: PASS {"i":1,"pick":null}
after 1280x900 light practice right next lands on stem: PASS DIV.qstem {} i=1
after 1280x900 light practice extra Enter answers nothing: PASS {"i":1,"shown":false}
after 1280x900 dark rapid right #live: PASS "Feedback logic. Correct: LH. Two days of high estradiol flip the pituitary to positive feedback; the"
after 1280x900 dark rapid right next lands on prompt: PASS DIV.rfq {} i=1
after 1280x900 dark rapid right extra Enter answers nothing: PASS {"i":1,"pick":null}
after 1280x900 dark rapid wrong #live: PASS "Binding proteins. Wrong: Amiodarone toxicity. Correct: High thyroxine-binding globulin. More thyroxine-binding globulin, as with estrogen or pregnancy, binds mo" want "Wrong: Amiodarone toxicity. Correct: High thyroxine-binding globulin."
after 1280x900 dark rapid wrong next lands on prompt: PASS DIV.rfq {} i=1
after 1280x900 dark rapid wrong extra Enter answers nothing: PASS {"i":1,"pick":null}
after 1280x900 dark spot right next lands on question: PASS DIV.qstem {} i=1
after 1280x900 dark spot extra Enter answers nothing: PASS {"i":1,"pick":null}
after 1280x900 dark practice right next lands on stem: PASS DIV.qstem {} i=1
after 1280x900 dark practice extra Enter answers nothing: PASS {"i":1,"shown":false}
after 400x860 light rapid right #live: PASS "Cycle phases. Correct: Luteal phase. The corpus luteum lives about 14 days unless hCG rescues it, so"
after 400x860 light rapid right next lands on prompt: PASS DIV.rfq {} i=1
after 400x860 light rapid right extra Enter answers nothing: PASS {"i":1,"pick":null}
after 400x860 light rapid wrong #live: PASS "Cycle phases. Wrong: Atrophic glands. Correct: Secretory glands. Progesterone from the corpus luteum turns straight proliferative glands into coiled secretory g" want "Wrong: Atrophic glands. Correct: Secretory glands."
after 400x860 light rapid wrong next lands on prompt: PASS DIV.rfq {} i=1
after 400x860 light rapid wrong extra Enter answers nothing: PASS {"i":1,"pick":null}
after 400x860 light spot right next lands on question: PASS DIV.qstem {} i=1
after 400x860 light spot extra Enter answers nothing: PASS {"i":1,"pick":null}
after 400x860 light practice right next lands on stem: PASS DIV.qstem {} i=1
after 400x860 light practice extra Enter answers nothing: PASS {"i":1,"shown":false}
after 400x860 dark rapid right #live: PASS "Hormone synthesis. Correct: T3. T3 binds the thyroid hormone receptor with about ten times the affin"
after 400x860 dark rapid right next lands on prompt: PASS DIV.rfq {} i=1
after 400x860 dark rapid right extra Enter answers nothing: PASS {"i":1,"pick":null}
after 400x860 dark rapid wrong #live: PASS "Cycle phases. Wrong: Atrophic glands. Correct: Secretory glands. Progesterone from the corpus luteum turns straight proliferative glands into coiled secretory g" want "Wrong: Atrophic glands. Correct: Secretory glands."
after 400x860 dark rapid wrong next lands on prompt: PASS DIV.rfq {} i=1
after 400x860 dark rapid wrong extra Enter answers nothing: PASS {"i":1,"pick":null}
after 400x860 dark spot right next lands on question: PASS DIV.qstem {} i=1
after 400x860 dark spot extra Enter answers nothing: PASS {"i":1,"pick":null}
after 400x860 dark practice right next lands on stem: PASS DIV.qstem {} i=1
after 400x860 dark practice extra Enter answers nothing: PASS {"i":1,"shown":false}
